// Jest Snapshot v1, https://goo.gl/fbAQLP

exports[`Answer tests matches snapshot 1`] = `
<DocumentFragment>
  <li
    class="MuiListItem-root Answer MuiListItem-gutters MuiListItem-divider"
  >
    <span
      class="AnswerText"
    >
      lets test
    </span>
  </li>
</DocumentFragment>
`;
