// Jest Snapshot v1, https://goo.gl/fbAQLP

exports[`Feedback tests matches snapshot 1`] = `
<DocumentFragment>
  <p
    class="Feedback"
    data-testid="Feedback"
  />
</DocumentFragment>
`;
