// Jest Snapshot v1, https://goo.gl/fbAQLP

exports[`Result Matches Snapshot  1`] = `
<DocumentFragment>
  <div
    class="MuiBox-root MuiBox-root-1 Result"
  >
    <h3
      class="MuiTypography-root MuiTypography-h3"
    >
      Game Over!
    </h3>
    <p
      class="MuiTypography-root MuiTypography-body1"
      style="color: blue;"
    >
      You answered 666 out of 667 correct
    </p>
  </div>
</DocumentFragment>
`;
