// Jest Snapshot v1, https://goo.gl/fbAQLP

exports[`Start Matches Snapshot  1`] = `
<DocumentFragment>
  <div
    class="MuiBox-root MuiBox-root-1 Start"
  >
    <button
      class="MuiButtonBase-root MuiButton-root MuiButton-contained MuiButton-containedPrimary MuiButton-fullWidth"
      tabindex="0"
      type="button"
    >
      <span
        class="MuiButton-label"
      >
        Start New Game
      </span>
      <span
        class="MuiTouchRipple-root"
      />
    </button>
  </div>
</DocumentFragment>
`;
